<?xml version="1.0" encoding="ISO-8859-1" ?>
<link_info>
   <banner>TI ARM Linker PC v18.12.4.LTS</banner>
   <copyright>Copyright (c) 1996-2018 Texas Instruments Incorporated</copyright>
   <link_time>0x621ca735</link_time>
   <link_errors>0x0</link_errors>
   <output_file>spi_demo.out</output_file>
   <entry_point>
      <name>_c_int00_noargs</name>
      <address>0x20009505</address>
   </entry_point>
   <input_file_list>
      <input_file id="fl-2">
         <path>.\</path>
         <kind>object</kind>
         <file>Adafruit_GFX.obj</file>
         <name>Adafruit_GFX.obj</name>
      </input_file>
      <input_file id="fl-3">
         <path>.\</path>
         <kind>object</kind>
         <file>main.obj</file>
         <name>main.obj</name>
      </input_file>
      <input_file id="fl-4">
         <path>.\</path>
         <kind>object</kind>
         <file>pin_mux_config.obj</file>
         <name>pin_mux_config.obj</name>
      </input_file>
      <input_file id="fl-5">
         <path>.\</path>
         <kind>object</kind>
         <file>startup_ccs.obj</file>
         <name>startup_ccs.obj</name>
      </input_file>
      <input_file id="fl-6">
         <path>.\</path>
         <kind>object</kind>
         <file>timer_if.obj</file>
         <name>timer_if.obj</name>
      </input_file>
      <input_file id="fl-7">
         <path>.\</path>
         <kind>object</kind>
         <file>uart_if.obj</file>
         <name>uart_if.obj</name>
      </input_file>
      <input_file id="fl-c">
         <kind>object</kind>
         <file>&lt;internal&gt;</file>
         <name>&lt;internal&gt;</name>
      </input_file>
      <input_file id="fl-d">
         <path>C:\ti\CC3200SDK_1.4.0\cc3200-sdk\driverlib\ccs\Release\</path>
         <kind>archive</kind>
         <file>driverlib.a</file>
         <name>gpio.obj</name>
      </input_file>
      <input_file id="fl-e">
         <path>C:\ti\CC3200SDK_1.4.0\cc3200-sdk\driverlib\ccs\Release\</path>
         <kind>archive</kind>
         <file>driverlib.a</file>
         <name>interrupt.obj</name>
      </input_file>
      <input_file id="fl-f">
         <path>C:\ti\CC3200SDK_1.4.0\cc3200-sdk\driverlib\ccs\Release\</path>
         <kind>archive</kind>
         <file>driverlib.a</file>
         <name>pin.obj</name>
      </input_file>
      <input_file id="fl-10">
         <path>C:\ti\CC3200SDK_1.4.0\cc3200-sdk\driverlib\ccs\Release\</path>
         <kind>archive</kind>
         <file>driverlib.a</file>
         <name>prcm.obj</name>
      </input_file>
      <input_file id="fl-11">
         <path>C:\ti\CC3200SDK_1.4.0\cc3200-sdk\driverlib\ccs\Release\</path>
         <kind>archive</kind>
         <file>driverlib.a</file>
         <name>spi.obj</name>
      </input_file>
      <input_file id="fl-12">
         <path>C:\ti\CC3200SDK_1.4.0\cc3200-sdk\driverlib\ccs\Release\</path>
         <kind>archive</kind>
         <file>driverlib.a</file>
         <name>timer.obj</name>
      </input_file>
      <input_file id="fl-13">
         <path>C:\ti\CC3200SDK_1.4.0\cc3200-sdk\driverlib\ccs\Release\</path>
         <kind>archive</kind>
         <file>driverlib.a</file>
         <name>uart.obj</name>
      </input_file>
      <input_file id="fl-14">
         <path>C:\ti\CC3200SDK_1.4.0\cc3200-sdk\driverlib\ccs\Release\</path>
         <kind>archive</kind>
         <file>driverlib.a</file>
         <name>utils.obj</name>
      </input_file>
      <input_file id="fl-15">
         <path>C:\ti\CC3200SDK_1.4.0\cc3200-sdk\driverlib\ccs\Release\</path>
         <kind>archive</kind>
         <file>driverlib.a</file>
         <name>cpu.obj</name>
      </input_file>
      <input_file id="fl-16">
         <path>C:\ti\CC3200SDK_1.4.0\cc3200-sdk\driverlib\ccs\Release\</path>
         <kind>archive</kind>
         <file>driverlib.a</file>
         <name>flash.obj</name>
      </input_file>
      <input_file id="fl-cc">
         <path>C:\ti\ccs930\ccs\tools\compiler\ti-cgt-arm_18.12.4.LTS\lib\</path>
         <kind>archive</kind>
         <file>rtsv7M4_T_le_eabi.lib</file>
         <name>vsnprintf.c.obj</name>
      </input_file>
      <input_file id="fl-cd">
         <path>C:\ti\ccs930\ccs\tools\compiler\ti-cgt-arm_18.12.4.LTS\lib\</path>
         <kind>archive</kind>
         <file>rtsv7M4_T_le_eabi.lib</file>
         <name>memcpy_t2.asm.obj</name>
      </input_file>
      <input_file id="fl-ce">
         <path>C:\ti\ccs930\ccs\tools\compiler\ti-cgt-arm_18.12.4.LTS\lib\</path>
         <kind>archive</kind>
         <file>rtsv7M4_T_le_eabi.lib</file>
         <name>ull_div_t2.asm.obj</name>
      </input_file>
      <input_file id="fl-cf">
         <path>C:\ti\ccs930\ccs\tools\compiler\ti-cgt-arm_18.12.4.LTS\lib\</path>
         <kind>archive</kind>
         <file>rtsv7M4_T_le_eabi.lib</file>
         <name>copy_zero_init.c.obj</name>
      </input_file>
      <input_file id="fl-d0">
         <path>C:\ti\ccs930\ccs\tools\compiler\ti-cgt-arm_18.12.4.LTS\lib\</path>
         <kind>archive</kind>
         <file>rtsv7M4_T_le_eabi.lib</file>
         <name>copy_decompress_none.c.obj</name>
      </input_file>
      <input_file id="fl-d1">
         <path>C:\ti\ccs930\ccs\tools\compiler\ti-cgt-arm_18.12.4.LTS\lib\</path>
         <kind>archive</kind>
         <file>rtsv7M4_T_le_eabi.lib</file>
         <name>copy_decompress_lzss.c.obj</name>
      </input_file>
      <input_file id="fl-d2">
         <path>C:\ti\ccs930\ccs\tools\compiler\ti-cgt-arm_18.12.4.LTS\lib\</path>
         <kind>archive</kind>
         <file>rtsv7M4_T_le_eabi.lib</file>
         <name>memmov.c.obj</name>
      </input_file>
      <input_file id="fl-d3">
         <path>C:\ti\ccs930\ccs\tools\compiler\ti-cgt-arm_18.12.4.LTS\lib\</path>
         <kind>archive</kind>
         <file>rtsv7M4_T_le_eabi.lib</file>
         <name>memory.c.obj</name>
      </input_file>
      <input_file id="fl-d4">
         <path>C:\ti\ccs930\ccs\tools\compiler\ti-cgt-arm_18.12.4.LTS\lib\</path>
         <kind>archive</kind>
         <file>rtsv7M4_T_le_eabi.lib</file>
         <name>strlen.c.obj</name>
      </input_file>
      <input_file id="fl-d5">
         <path>C:\ti\ccs930\ccs\tools\compiler\ti-cgt-arm_18.12.4.LTS\lib\</path>
         <kind>archive</kind>
         <file>rtsv7M4_T_le_eabi.lib</file>
         <name>boot_cortex_m.c.obj</name>
      </input_file>
      <input_file id="fl-d6">
         <path>C:\ti\ccs930\ccs\tools\compiler\ti-cgt-arm_18.12.4.LTS\lib\</path>
         <kind>archive</kind>
         <file>rtsv7M4_T_le_eabi.lib</file>
         <name>_printfi.c.obj</name>
      </input_file>
      <input_file id="fl-d7">
         <path>C:\ti\ccs930\ccs\tools\compiler\ti-cgt-arm_18.12.4.LTS\lib\</path>
         <kind>archive</kind>
         <file>rtsv7M4_T_le_eabi.lib</file>
         <name>div0.asm.obj</name>
      </input_file>
      <input_file id="fl-d8">
         <path>C:\ti\ccs930\ccs\tools\compiler\ti-cgt-arm_18.12.4.LTS\lib\</path>
         <kind>archive</kind>
         <file>rtsv7M4_T_le_eabi.lib</file>
         <name>fd_add_t2.asm.obj</name>
      </input_file>
      <input_file id="fl-d9">
         <path>C:\ti\ccs930\ccs\tools\compiler\ti-cgt-arm_18.12.4.LTS\lib\</path>
         <kind>archive</kind>
         <file>rtsv7M4_T_le_eabi.lib</file>
         <name>fd_cmp_t2.asm.obj</name>
      </input_file>
      <input_file id="fl-da">
         <path>C:\ti\ccs930\ccs\tools\compiler\ti-cgt-arm_18.12.4.LTS\lib\</path>
         <kind>archive</kind>
         <file>rtsv7M4_T_le_eabi.lib</file>
         <name>fd_div_t2.asm.obj</name>
      </input_file>
      <input_file id="fl-db">
         <path>C:\ti\ccs930\ccs\tools\compiler\ti-cgt-arm_18.12.4.LTS\lib\</path>
         <kind>archive</kind>
         <file>rtsv7M4_T_le_eabi.lib</file>
         <name>fd_mul_t2.asm.obj</name>
      </input_file>
      <input_file id="fl-dc">
         <path>C:\ti\ccs930\ccs\tools\compiler\ti-cgt-arm_18.12.4.LTS\lib\</path>
         <kind>archive</kind>
         <file>rtsv7M4_T_le_eabi.lib</file>
         <name>fd_toi_t2.asm.obj</name>
      </input_file>
      <input_file id="fl-dd">
         <path>C:\ti\ccs930\ccs\tools\compiler\ti-cgt-arm_18.12.4.LTS\lib\</path>
         <kind>archive</kind>
         <file>rtsv7M4_T_le_eabi.lib</file>
         <name>i_tofd_t2.asm.obj</name>
      </input_file>
      <input_file id="fl-de">
         <path>C:\ti\ccs930\ccs\tools\compiler\ti-cgt-arm_18.12.4.LTS\lib\</path>
         <kind>archive</kind>
         <file>rtsv7M4_T_le_eabi.lib</file>
         <name>memset_t2.asm.obj</name>
      </input_file>
      <input_file id="fl-df">
         <path>C:\ti\ccs930\ccs\tools\compiler\ti-cgt-arm_18.12.4.LTS\lib\</path>
         <kind>archive</kind>
         <file>rtsv7M4_T_le_eabi.lib</file>
         <name>autoinit.c.obj</name>
      </input_file>
      <input_file id="fl-e0">
         <path>C:\ti\ccs930\ccs\tools\compiler\ti-cgt-arm_18.12.4.LTS\lib\</path>
         <kind>archive</kind>
         <file>rtsv7M4_T_le_eabi.lib</file>
         <name>pre_init.c.obj</name>
      </input_file>
      <input_file id="fl-e1">
         <path>C:\ti\ccs930\ccs\tools\compiler\ti-cgt-arm_18.12.4.LTS\lib\</path>
         <kind>archive</kind>
         <file>rtsv7M4_T_le_eabi.lib</file>
         <name>cpy_tbl.c.obj</name>
      </input_file>
      <input_file id="fl-e2">
         <path>C:\ti\ccs930\ccs\tools\compiler\ti-cgt-arm_18.12.4.LTS\lib\</path>
         <kind>archive</kind>
         <file>rtsv7M4_T_le_eabi.lib</file>
         <name>exit.c.obj</name>
      </input_file>
      <input_file id="fl-e3">
         <path>C:\ti\ccs930\ccs\tools\compiler\ti-cgt-arm_18.12.4.LTS\lib\</path>
         <kind>archive</kind>
         <file>rtsv7M4_T_le_eabi.lib</file>
         <name>_lock.c.obj</name>
      </input_file>
      <input_file id="fl-e4">
         <path>C:\ti\ccs930\ccs\tools\compiler\ti-cgt-arm_18.12.4.LTS\lib\</path>
         <kind>archive</kind>
         <file>rtsv7M4_T_le_eabi.lib</file>
         <name>args_main.c.obj</name>
      </input_file>
      <input_file id="fl-e5">
         <path>C:\ti\ccs930\ccs\tools\compiler\ti-cgt-arm_18.12.4.LTS\lib\</path>
         <kind>archive</kind>
         <file>rtsv7M4_T_le_eabi.lib</file>
         <name>atoi.c.obj</name>
      </input_file>
      <input_file id="fl-e6">
         <path>C:\ti\ccs930\ccs\tools\compiler\ti-cgt-arm_18.12.4.LTS\lib\</path>
         <kind>archive</kind>
         <file>rtsv7M4_T_le_eabi.lib</file>
         <name>ctype.c.obj</name>
      </input_file>
      <input_file id="fl-e7">
         <path>C:\ti\ccs930\ccs\tools\compiler\ti-cgt-arm_18.12.4.LTS\lib\</path>
         <kind>archive</kind>
         <file>rtsv7M4_T_le_eabi.lib</file>
         <name>ltoa.c.obj</name>
      </input_file>
      <input_file id="fl-e8">
         <path>C:\ti\ccs930\ccs\tools\compiler\ti-cgt-arm_18.12.4.LTS\lib\</path>
         <kind>archive</kind>
         <file>rtsv7M4_T_le_eabi.lib</file>
         <name>memccpy.c.obj</name>
      </input_file>
      <input_file id="fl-e9">
         <path>C:\ti\ccs930\ccs\tools\compiler\ti-cgt-arm_18.12.4.LTS\lib\</path>
         <kind>archive</kind>
         <file>rtsv7M4_T_le_eabi.lib</file>
         <name>strchr.c.obj</name>
      </input_file>
      <input_file id="fl-ea">
         <path>C:\ti\ccs930\ccs\tools\compiler\ti-cgt-arm_18.12.4.LTS\lib\</path>
         <kind>archive</kind>
         <file>rtsv7M4_T_le_eabi.lib</file>
         <name>errno.c.obj</name>
      </input_file>
      <input_file id="fl-eb">
         <path>C:\ti\ccs930\ccs\tools\compiler\ti-cgt-arm_18.12.4.LTS\lib\</path>
         <kind>archive</kind>
         <file>rtsv7M4_T_le_eabi.lib</file>
         <name>wcslen.c.obj</name>
      </input_file>
      <input_file id="fl-ec">
         <path>C:\ti\ccs930\ccs\tools\compiler\ti-cgt-arm_18.12.4.LTS\lib\</path>
         <kind>archive</kind>
         <file>rtsv7M4_T_le_eabi.lib</file>
         <name>s_frexp.c.obj</name>
      </input_file>
      <input_file id="fl-ed">
         <path>C:\ti\ccs930\ccs\tools\compiler\ti-cgt-arm_18.12.4.LTS\lib\</path>
         <kind>archive</kind>
         <file>rtsv7M4_T_le_eabi.lib</file>
         <name>s_scalbn.c.obj</name>
      </input_file>
      <input_file id="fl-ee">
         <path>C:\ti\ccs930\ccs\tools\compiler\ti-cgt-arm_18.12.4.LTS\lib\</path>
         <kind>archive</kind>
         <file>rtsv7M4_T_le_eabi.lib</file>
         <name>s_copysign.c.obj</name>
      </input_file>
   </input_file_list>
   <object_component_list>
      <object_component id="oc-f">
         <name>.intvecs</name>
         <load_address>0x20004000</load_address>
         <run_address>0x20004000</run_address>
         <size>0x400</size>
         <input_file_ref idref="fl-5"/>
      </object_component>
      <object_component id="oc-94">
         <name>.text</name>
         <load_address>0x20004400</load_address>
         <run_address>0x20004400</run_address>
         <size>0x145e</size>
         <input_file_ref idref="fl-3"/>
      </object_component>
      <object_component id="oc-3fa">
         <name>.text:IntDefaultHandler</name>
         <load_address>0x2000585e</load_address>
         <run_address>0x2000585e</run_address>
         <size>0x2</size>
         <input_file_ref idref="fl-e"/>
      </object_component>
      <object_component id="oc-163">
         <name>.text</name>
         <load_address>0x20005860</load_address>
         <run_address>0x20005860</run_address>
         <size>0xa80</size>
         <input_file_ref idref="fl-2"/>
      </object_component>
      <object_component id="oc-37a">
         <name>.text:__TI_printfi</name>
         <load_address>0x200062e0</load_address>
         <run_address>0x200062e0</run_address>
         <size>0xa4e</size>
         <input_file_ref idref="fl-d6"/>
      </object_component>
      <object_component id="oc-3d3">
         <name>.text:_nop</name>
         <load_address>0x20006d2e</load_address>
         <run_address>0x20006d2e</run_address>
         <size>0x2</size>
         <input_file_ref idref="fl-e3"/>
      </object_component>
      <object_component id="oc-14b">
         <name>.text</name>
         <load_address>0x20006d30</load_address>
         <run_address>0x20006d30</run_address>
         <size>0x280</size>
         <input_file_ref idref="fl-7"/>
      </object_component>
      <object_component id="oc-42c">
         <name>.text:_pconv_a</name>
         <load_address>0x20006fb0</load_address>
         <run_address>0x20006fb0</run_address>
         <size>0x268</size>
         <input_file_ref idref="fl-d6"/>
      </object_component>
      <object_component id="oc-41a">
         <name>.text:_pconv_g</name>
         <load_address>0x20007218</load_address>
         <run_address>0x20007218</run_address>
         <size>0x1cc</size>
         <input_file_ref idref="fl-d6"/>
      </object_component>
      <object_component id="oc-49e">
         <name>.text</name>
         <load_address>0x200073e4</load_address>
         <run_address>0x200073e4</run_address>
         <size>0x1b6</size>
         <input_file_ref idref="fl-d8"/>
      </object_component>
      <object_component id="oc-4f2">
         <name>.text</name>
         <load_address>0x2000759a</load_address>
         <run_address>0x2000759a</run_address>
         <size>0x2</size>
         <input_file_ref idref="fl-d7"/>
      </object_component>
      <object_component id="oc-c2">
         <name>.text</name>
         <load_address>0x2000759c</load_address>
         <run_address>0x2000759c</run_address>
         <size>0x198</size>
         <input_file_ref idref="fl-6"/>
      </object_component>
      <object_component id="oc-e6">
         <name>.text:PRCMCC3200MCUInit</name>
         <load_address>0x20007734</load_address>
         <run_address>0x20007734</run_address>
         <size>0x178</size>
         <input_file_ref idref="fl-10"/>
      </object_component>
      <object_component id="oc-426">
         <name>.text:_pconv_e</name>
         <load_address>0x200078ac</load_address>
         <run_address>0x200078ac</run_address>
         <size>0x13c</size>
         <input_file_ref idref="fl-d6"/>
      </object_component>
      <object_component id="oc-484">
         <name>.text</name>
         <load_address>0x200079e8</load_address>
         <run_address>0x200079e8</run_address>
         <size>0x136</size>
         <input_file_ref idref="fl-da"/>
      </object_component>
      <object_component id="oc-115">
         <name>.text</name>
         <load_address>0x20007b20</load_address>
         <run_address>0x20007b20</run_address>
         <size>0x128</size>
         <input_file_ref idref="fl-4"/>
      </object_component>
      <object_component id="oc-4b0">
         <name>.text:fcvt</name>
         <load_address>0x20007c48</load_address>
         <run_address>0x20007c48</run_address>
         <size>0x120</size>
         <input_file_ref idref="fl-d6"/>
      </object_component>
      <object_component id="oc-39e">
         <name>.text:aligned_alloc</name>
         <load_address>0x20007d68</load_address>
         <run_address>0x20007d68</run_address>
         <size>0x118</size>
         <input_file_ref idref="fl-d3"/>
      </object_component>
      <object_component id="oc-47f">
         <name>.text</name>
         <load_address>0x20007e80</load_address>
         <run_address>0x20007e80</run_address>
         <size>0xfc</size>
         <input_file_ref idref="fl-db"/>
      </object_component>
      <object_component id="oc-2be">
         <name>.text:realloc</name>
         <load_address>0x20007f7c</load_address>
         <run_address>0x20007f7c</run_address>
         <size>0xe8</size>
         <input_file_ref idref="fl-d3"/>
      </object_component>
      <object_component id="oc-2c4">
         <name>.text:free</name>
         <load_address>0x20008064</load_address>
         <run_address>0x20008064</run_address>
         <size>0xe4</size>
         <input_file_ref idref="fl-d3"/>
      </object_component>
      <object_component id="oc-286">
         <name>.text:SPITransfer32</name>
         <load_address>0x20008148</load_address>
         <run_address>0x20008148</run_address>
         <size>0xd0</size>
         <input_file_ref idref="fl-11"/>
      </object_component>
      <object_component id="oc-4c4">
         <name>.text:scalbn</name>
         <load_address>0x20008218</load_address>
         <run_address>0x20008218</run_address>
         <size>0xd0</size>
         <input_file_ref idref="fl-ed"/>
      </object_component>
      <object_component id="oc-280">
         <name>.text:SPITransfer16</name>
         <load_address>0x200082e8</load_address>
         <run_address>0x200082e8</run_address>
         <size>0xce</size>
         <input_file_ref idref="fl-11"/>
      </object_component>
      <object_component id="oc-27a">
         <name>.text:SPITransfer8</name>
         <load_address>0x200083b6</load_address>
         <run_address>0x200083b6</run_address>
         <size>0xb8</size>
         <input_file_ref idref="fl-11"/>
      </object_component>
      <object_component id="oc-40f">
         <name>.text:_ltostr</name>
         <load_address>0x20008470</load_address>
         <run_address>0x20008470</run_address>
         <size>0xb1</size>
         <input_file_ref idref="fl-d6"/>
      </object_component>
      <object_component id="oc-338">
         <name>.text:IntDisable</name>
         <load_address>0x20008524</load_address>
         <run_address>0x20008524</run_address>
         <size>0xa8</size>
         <input_file_ref idref="fl-e"/>
      </object_component>
      <object_component id="oc-e0">
         <name>.text:IntEnable</name>
         <load_address>0x200085cc</load_address>
         <run_address>0x200085cc</run_address>
         <size>0xa8</size>
         <input_file_ref idref="fl-e"/>
      </object_component>
      <object_component id="oc-133">
         <name>.text:SPIConfigSetExpClk</name>
         <load_address>0x20008674</load_address>
         <run_address>0x20008674</run_address>
         <size>0xa0</size>
         <input_file_ref idref="fl-11"/>
      </object_component>
      <object_component id="oc-3a">
         <name>.text</name>
         <load_address>0x20008714</load_address>
         <run_address>0x20008714</run_address>
         <size>0x9c</size>
         <input_file_ref idref="fl-cd"/>
      </object_component>
      <object_component id="oc-478">
         <name>.text</name>
         <load_address>0x200087b0</load_address>
         <run_address>0x200087b0</run_address>
         <size>0x96</size>
         <input_file_ref idref="fl-ce"/>
      </object_component>
      <object_component id="oc-12d">
         <name>.text:PRCMPeripheralClockGet</name>
         <load_address>0x20008848</load_address>
         <run_address>0x20008848</run_address>
         <size>0x94</size>
         <input_file_ref idref="fl-10"/>
      </object_component>
      <object_component id="oc-356">
         <name>.text:PinConfigSet</name>
         <load_address>0x200088dc</load_address>
         <run_address>0x200088dc</run_address>
         <size>0x88</size>
         <input_file_ref idref="fl-f"/>
      </object_component>
      <object_component id="oc-13f">
         <name>.text:SPITransfer</name>
         <load_address>0x20008964</load_address>
         <run_address>0x20008964</run_address>
         <size>0x88</size>
         <input_file_ref idref="fl-11"/>
      </object_component>
      <object_component id="oc-415">
         <name>.text:__aeabi_cdcmple</name>
         <load_address>0x200089ec</load_address>
         <run_address>0x200089ec</run_address>
         <size>0x86</size>
         <input_file_ref idref="fl-d9"/>
      </object_component>
      <object_component id="oc-489">
         <name>.text:__aeabi_cdrcmple</name>
         <load_address>0x20008a72</load_address>
         <run_address>0x20008a72</run_address>
         <size>0x86</size>
         <input_file_ref idref="fl-d9"/>
      </object_component>
      <object_component id="oc-157">
         <name>.text:GPIOIntTypeSet</name>
         <load_address>0x20008af8</load_address>
         <run_address>0x20008af8</run_address>
         <size>0x82</size>
         <input_file_ref idref="fl-d"/>
      </object_component>
      <object_component id="oc-88">
         <name>.text</name>
         <load_address>0x20008b7a</load_address>
         <run_address>0x20008b7a</run_address>
         <size>0x7a</size>
         <input_file_ref idref="fl-de"/>
      </object_component>
      <object_component id="oc-28e">
         <name>.text:UARTConfigSetExpClk</name>
         <load_address>0x20008bf4</load_address>
         <run_address>0x20008bf4</run_address>
         <size>0x76</size>
         <input_file_ref idref="fl-13"/>
      </object_component>
      <object_component id="oc-1e2">
         <name>.text:TimerIntRegister</name>
         <load_address>0x20008c6c</load_address>
         <run_address>0x20008c6c</run_address>
         <size>0x70</size>
         <input_file_ref idref="fl-12"/>
      </object_component>
      <object_component id="oc-3ab">
         <name>.text:split</name>
         <load_address>0x20008cdc</load_address>
         <run_address>0x20008cdc</run_address>
         <size>0x70</size>
         <input_file_ref idref="fl-d3"/>
      </object_component>
      <object_component id="oc-4a9">
         <name>.text:_mcpy</name>
         <load_address>0x20008d4c</load_address>
         <run_address>0x20008d4c</run_address>
         <size>0x6e</size>
         <input_file_ref idref="fl-d6"/>
      </object_component>
      <object_component id="oc-206">
         <name>.text:TimerIntUnregister</name>
         <load_address>0x20008dbc</load_address>
         <run_address>0x20008dbc</run_address>
         <size>0x68</size>
         <input_file_ref idref="fl-12"/>
      </object_component>
      <object_component id="oc-12">
         <name>.text:decompress:lzss:__TI_decompress_lzss</name>
         <load_address>0x20008e24</load_address>
         <run_address>0x20008e24</run_address>
         <size>0x68</size>
         <input_file_ref idref="fl-d1"/>
      </object_component>
      <object_component id="oc-4be">
         <name>.text:frexp</name>
         <load_address>0x20008e8c</load_address>
         <run_address>0x20008e8c</run_address>
         <size>0x5c</size>
         <input_file_ref idref="fl-ec"/>
      </object_component>
      <object_component id="oc-121">
         <name>.text:PRCMPeripheralReset</name>
         <load_address>0x20008ee8</load_address>
         <run_address>0x20008ee8</run_address>
         <size>0x58</size>
         <input_file_ref idref="fl-10"/>
      </object_component>
      <object_component id="oc-420">
         <name>.text:_pconv_f</name>
         <load_address>0x20008f40</load_address>
         <run_address>0x20008f40</run_address>
         <size>0x56</size>
         <input_file_ref idref="fl-d6"/>
      </object_component>
      <object_component id="oc-1dc">
         <name>.text:IntPrioritySet</name>
         <load_address>0x20008f98</load_address>
         <run_address>0x20008f98</run_address>
         <size>0x54</size>
         <input_file_ref idref="fl-e"/>
      </object_component>
      <object_component id="oc-493">
         <name>.text:ltoa</name>
         <load_address>0x20008fec</load_address>
         <run_address>0x20008fec</run_address>
         <size>0x54</size>
         <input_file_ref idref="fl-e7"/>
      </object_component>
      <object_component id="oc-4a3">
         <name>.text:_ecpy</name>
         <load_address>0x20009040</load_address>
         <run_address>0x20009040</run_address>
         <size>0x52</size>
         <input_file_ref idref="fl-d6"/>
      </object_component>
      <object_component id="oc-409">
         <name>.text:atoi</name>
         <load_address>0x20009094</load_address>
         <run_address>0x20009094</run_address>
         <size>0x4c</size>
         <input_file_ref idref="fl-e5"/>
      </object_component>
      <object_component id="oc-2d9">
         <name>.text:GPIOGetIntNumber</name>
         <load_address>0x200090e0</load_address>
         <run_address>0x200090e0</run_address>
         <size>0x48</size>
         <input_file_ref idref="fl-d"/>
      </object_component>
      <object_component id="oc-48e">
         <name>.text</name>
         <load_address>0x20009128</load_address>
         <run_address>0x20009128</run_address>
         <size>0x48</size>
         <input_file_ref idref="fl-dc"/>
      </object_component>
      <object_component id="oc-1d0">
         <name>.text:TimerConfigure</name>
         <load_address>0x20009170</load_address>
         <run_address>0x20009170</run_address>
         <size>0x44</size>
         <input_file_ref idref="fl-12"/>
      </object_component>
      <object_component id="oc-19e">
         <name>.text:__TI_auto_init_nobinit_nopinit:__TI_auto_init_nobinit_nopinit</name>
         <load_address>0x200091b4</load_address>
         <run_address>0x200091b4</run_address>
         <size>0x44</size>
         <input_file_ref idref="fl-df"/>
      </object_component>
      <object_component id="oc-251">
         <name>.text:PinModeSet</name>
         <load_address>0x200091f8</load_address>
         <run_address>0x200091f8</run_address>
         <size>0x40</size>
         <input_file_ref idref="fl-f"/>
      </object_component>
      <object_component id="oc-29a">
         <name>.text:vsnprintf</name>
         <load_address>0x20009238</load_address>
         <run_address>0x20009238</run_address>
         <size>0x40</size>
         <input_file_ref idref="fl-cc"/>
      </object_component>
      <object_component id="oc-4b6">
         <name>.text:_fcpy</name>
         <load_address>0x20009278</load_address>
         <run_address>0x20009278</run_address>
         <size>0x3e</size>
         <input_file_ref idref="fl-d6"/>
      </object_component>
      <object_component id="oc-11b">
         <name>.text:PRCMPeripheralClkEnable</name>
         <load_address>0x200092b8</load_address>
         <run_address>0x200092b8</run_address>
         <size>0x3c</size>
         <input_file_ref idref="fl-10"/>
      </object_component>
      <object_component id="oc-25d">
         <name>.text:GPIODirModeSet</name>
         <load_address>0x200092f4</load_address>
         <run_address>0x200092f4</run_address>
         <size>0x36</size>
         <input_file_ref idref="fl-d"/>
      </object_component>
      <object_component id="oc-257">
         <name>.text:PinTypeGPIO</name>
         <load_address>0x2000932a</load_address>
         <run_address>0x2000932a</run_address>
         <size>0x30</size>
         <input_file_ref idref="fl-f"/>
      </object_component>
      <object_component id="oc-36c">
         <name>.text:UARTDisable</name>
         <load_address>0x2000935c</load_address>
         <run_address>0x2000935c</run_address>
         <size>0x30</size>
         <input_file_ref idref="fl-13"/>
      </object_component>
      <object_component id="oc-380">
         <name>.text:_outs</name>
         <load_address>0x2000938c</load_address>
         <run_address>0x2000938c</run_address>
         <size>0x30</size>
         <input_file_ref idref="fl-cc"/>
      </object_component>
      <object_component id="oc-499">
         <name>.text</name>
         <load_address>0x200093bc</load_address>
         <run_address>0x200093bc</run_address>
         <size>0x2e</size>
         <input_file_ref idref="fl-dd"/>
      </object_component>
      <object_component id="oc-227">
         <name>.text:PRCMSysResetCauseGet</name>
         <load_address>0x200093ec</load_address>
         <run_address>0x200093ec</run_address>
         <size>0x2c</size>
         <input_file_ref idref="fl-10"/>
      </object_component>
      <object_component id="oc-ec">
         <name>.text:TimerLoadSet</name>
         <load_address>0x20009418</load_address>
         <run_address>0x20009418</run_address>
         <size>0x2a</size>
         <input_file_ref idref="fl-12"/>
      </object_component>
      <object_component id="oc-1d6">
         <name>.text:TimerPrescaleSet</name>
         <load_address>0x20009442</load_address>
         <run_address>0x20009442</run_address>
         <size>0x2a</size>
         <input_file_ref idref="fl-12"/>
      </object_component>
      <object_component id="oc-239">
         <name>.text:PRCMPeripheralClkDisable</name>
         <load_address>0x2000946c</load_address>
         <run_address>0x2000946c</run_address>
         <size>0x28</size>
         <input_file_ref idref="fl-10"/>
      </object_component>
      <object_component id="oc-3b2">
         <name>.text:free_list_insert</name>
         <load_address>0x20009494</load_address>
         <run_address>0x20009494</run_address>
         <size>0x28</size>
         <input_file_ref idref="fl-d3"/>
      </object_component>
      <object_component id="oc-33e">
         <name>.text:IntUnregister</name>
         <load_address>0x200094bc</load_address>
         <run_address>0x200094bc</run_address>
         <size>0x24</size>
         <input_file_ref idref="fl-e"/>
      </object_component>
      <object_component id="oc-372">
         <name>.text:UARTEnable</name>
         <load_address>0x200094e0</load_address>
         <run_address>0x200094e0</run_address>
         <size>0x24</size>
         <input_file_ref idref="fl-13"/>
      </object_component>
      <object_component id="oc-58">
         <name>.text:_c_int00_noargs:_c_int00_noargs</name>
         <load_address>0x20009504</load_address>
         <run_address>0x20009504</run_address>
         <size>0x24</size>
         <input_file_ref idref="fl-d5"/>
      </object_component>
      <object_component id="oc-2b2">
         <name>.text:memmove</name>
         <load_address>0x20009528</load_address>
         <run_address>0x20009528</run_address>
         <size>0x24</size>
         <input_file_ref idref="fl-d2"/>
      </object_component>
      <object_component id="oc-c8">
         <name>.text:GPIOIntStatus</name>
         <load_address>0x2000954c</load_address>
         <run_address>0x2000954c</run_address>
         <size>0x22</size>
         <input_file_ref idref="fl-d"/>
      </object_component>
      <object_component id="oc-127">
         <name>.text:SPIReset</name>
         <load_address>0x2000956e</load_address>
         <run_address>0x2000956e</run_address>
         <size>0x22</size>
         <input_file_ref idref="fl-11"/>
      </object_component>
      <object_component id="oc-f8">
         <name>.text:GPIOPinWrite</name>
         <load_address>0x20009590</load_address>
         <run_address>0x20009590</run_address>
         <size>0x20</size>
         <input_file_ref idref="fl-d"/>
      </object_component>
      <object_component id="oc-2df">
         <name>.text:IntRegister</name>
         <load_address>0x200095b0</load_address>
         <run_address>0x200095b0</run_address>
         <size>0x20</size>
         <input_file_ref idref="fl-e"/>
      </object_component>
      <object_component id="oc-104">
         <name>.text:SPIDataGet</name>
         <load_address>0x200095d0</load_address>
         <run_address>0x200095d0</run_address>
         <size>0x20</size>
         <input_file_ref idref="fl-11"/>
      </object_component>
      <object_component id="oc-151">
         <name>.text:GPIOIntRegister</name>
         <load_address>0x200095f0</load_address>
         <run_address>0x200095f0</run_address>
         <size>0x1e</size>
         <input_file_ref idref="fl-d"/>
      </object_component>
      <object_component id="oc-fe">
         <name>.text:SPIDataPut</name>
         <load_address>0x2000960e</load_address>
         <run_address>0x2000960e</run_address>
         <size>0x1e</size>
         <input_file_ref idref="fl-11"/>
      </object_component>
      <object_component id="oc-1fa">
         <name>.text:TimerDisable</name>
         <load_address>0x2000962c</load_address>
         <run_address>0x2000962c</run_address>
         <size>0x1e</size>
         <input_file_ref idref="fl-12"/>
      </object_component>
      <object_component id="oc-f2">
         <name>.text:TimerEnable</name>
         <load_address>0x2000964a</load_address>
         <run_address>0x2000964a</run_address>
         <size>0x1e</size>
         <input_file_ref idref="fl-12"/>
      </object_component>
      <object_component id="oc-1ee">
         <name>.text:TimerIntStatus</name>
         <load_address>0x20009668</load_address>
         <run_address>0x20009668</run_address>
         <size>0x1e</size>
         <input_file_ref idref="fl-12"/>
      </object_component>
      <object_component id="oc-294">
         <name>.text:UARTCharPut</name>
         <load_address>0x20009686</load_address>
         <run_address>0x20009686</run_address>
         <size>0x1e</size>
         <input_file_ref idref="fl-13"/>
      </object_component>
      <object_component id="oc-20c">
         <name>.text:TimerValueGet</name>
         <load_address>0x200096a4</load_address>
         <run_address>0x200096a4</run_address>
         <size>0x1c</size>
         <input_file_ref idref="fl-12"/>
      </object_component>
      <object_component id="oc-2a6">
         <name>.text:UARTCharGetNonBlocking</name>
         <load_address>0x200096c0</load_address>
         <run_address>0x200096c0</run_address>
         <size>0x1c</size>
         <input_file_ref idref="fl-13"/>
      </object_component>
      <object_component id="oc-46">
         <name>.text:decompress:ZI:__TI_zero_init_nomemset:__TI_zero_init_nomemset</name>
         <load_address>0x200096dc</load_address>
         <run_address>0x200096dc</run_address>
         <size>0x1c</size>
         <input_file_ref idref="fl-cf"/>
      </object_component>
      <object_component id="oc-3a5">
         <name>.text:free_list_remove</name>
         <load_address>0x200096f8</load_address>
         <run_address>0x200096f8</run_address>
         <size>0x1c</size>
         <input_file_ref idref="fl-d3"/>
      </object_component>
      <object_component id="oc-432">
         <name>.text:memccpy</name>
         <load_address>0x20009714</load_address>
         <run_address>0x20009714</run_address>
         <size>0x1c</size>
         <input_file_ref idref="fl-e8"/>
      </object_component>
      <object_component id="oc-15d">
         <name>.text:GPIOIntEnable</name>
         <load_address>0x20009730</load_address>
         <run_address>0x20009730</run_address>
         <size>0x1a</size>
         <input_file_ref idref="fl-d"/>
      </object_component>
      <object_component id="oc-263">
         <name>.text:PinTypeSPI</name>
         <load_address>0x2000974a</load_address>
         <run_address>0x2000974a</run_address>
         <size>0x1a</size>
         <input_file_ref idref="fl-f"/>
      </object_component>
      <object_component id="oc-269">
         <name>.text:PinTypeUART</name>
         <load_address>0x20009764</load_address>
         <run_address>0x20009764</run_address>
         <size>0x1a</size>
         <input_file_ref idref="fl-f"/>
      </object_component>
      <object_component id="oc-145">
         <name>.text:SPICSEnable</name>
         <load_address>0x2000977e</load_address>
         <run_address>0x2000977e</run_address>
         <size>0x18</size>
         <input_file_ref idref="fl-11"/>
      </object_component>
      <object_component id="oc-139">
         <name>.text:SPIEnable</name>
         <load_address>0x20009796</load_address>
         <run_address>0x20009796</run_address>
         <size>0x18</size>
         <input_file_ref idref="fl-11"/>
      </object_component>
      <object_component id="oc-200">
         <name>.text:TimerIntDisable</name>
         <load_address>0x200097ae</load_address>
         <run_address>0x200097ae</run_address>
         <size>0x18</size>
         <input_file_ref idref="fl-12"/>
      </object_component>
      <object_component id="oc-1e8">
         <name>.text:TimerIntEnable</name>
         <load_address>0x200097c6</load_address>
         <run_address>0x200097c6</run_address>
         <size>0x18</size>
         <input_file_ref idref="fl-12"/>
      </object_component>
      <object_component id="oc-2a0">
         <name>.text:UARTCharsAvail</name>
         <load_address>0x200097de</load_address>
         <run_address>0x200097de</run_address>
         <size>0x18</size>
         <input_file_ref idref="fl-13"/>
      </object_component>
      <object_component id="oc-386">
         <name>.text:_outc</name>
         <load_address>0x200097f6</load_address>
         <run_address>0x200097f6</run_address>
         <size>0x18</size>
         <input_file_ref idref="fl-cc"/>
      </object_component>
      <object_component id="oc-22d">
         <name>.text:PRCMHIBRegRead</name>
         <load_address>0x2000980e</load_address>
         <run_address>0x2000980e</run_address>
         <size>0x16</size>
         <input_file_ref idref="fl-10"/>
      </object_component>
      <object_component id="oc-233">
         <name>.text:PRCMHIBRegWrite</name>
         <load_address>0x20009824</load_address>
         <run_address>0x20009824</run_address>
         <size>0x16</size>
         <input_file_ref idref="fl-10"/>
      </object_component>
      <object_component id="oc-4ca">
         <name>.text:strchr</name>
         <load_address>0x2000983a</load_address>
         <run_address>0x2000983a</run_address>
         <size>0x16</size>
         <input_file_ref idref="fl-e9"/>
      </object_component>
      <object_component id="oc-21c">
         <name>.text:CPUcpsie</name>
         <load_address>0x20009850</load_address>
         <run_address>0x20009850</run_address>
         <size>0x14</size>
         <input_file_ref idref="fl-15"/>
      </object_component>
      <object_component id="oc-ce">
         <name>.text:GPIOIntClear</name>
         <load_address>0x20009864</load_address>
         <run_address>0x20009864</run_address>
         <size>0x14</size>
         <input_file_ref idref="fl-d"/>
      </object_component>
      <object_component id="oc-d4">
         <name>.text:IntVTableBaseSet</name>
         <load_address>0x20009878</load_address>
         <run_address>0x20009878</run_address>
         <size>0x14</size>
         <input_file_ref idref="fl-e"/>
      </object_component>
      <object_component id="oc-2ac">
         <name>.text:strlen</name>
         <load_address>0x2000988c</load_address>
         <run_address>0x2000988c</run_address>
         <size>0x14</size>
         <input_file_ref idref="fl-d4"/>
      </object_component>
      <object_component id="oc-1f4">
         <name>.text:TimerIntClear</name>
         <load_address>0x200098a0</load_address>
         <run_address>0x200098a0</run_address>
         <size>0x12</size>
         <input_file_ref idref="fl-12"/>
      </object_component>
      <object_component id="oc-438">
         <name>.text:wcslen</name>
         <load_address>0x200098b2</load_address>
         <run_address>0x200098b2</run_address>
         <size>0x12</size>
         <input_file_ref idref="fl-eb"/>
      </object_component>
      <object_component id="oc-18">
         <name>.text:decompress:none:__TI_decompress_none</name>
         <load_address>0x200098c4</load_address>
         <run_address>0x200098c4</run_address>
         <size>0xe</size>
         <input_file_ref idref="fl-d0"/>
      </object_component>
      <object_component id="oc-26">
         <name>.text</name>
         <load_address>0x200098d2</load_address>
         <run_address>0x200098d2</run_address>
         <size>0xe</size>
         <input_file_ref idref="fl-5"/>
      </object_component>
      <object_component id="oc-50b">
         <name>.text:copysign</name>
         <load_address>0x200098e0</load_address>
         <run_address>0x200098e0</run_address>
         <size>0xc</size>
         <input_file_ref idref="fl-ee"/>
      </object_component>
      <object_component id="oc-da">
         <name>.text:IntMasterEnable</name>
         <load_address>0x200098ec</load_address>
         <run_address>0x200098ec</run_address>
         <size>0xa</size>
         <input_file_ref idref="fl-e"/>
      </object_component>
      <object_component id="oc-43e">
         <name>.text:__aeabi_errno_addr</name>
         <load_address>0x200098f8</load_address>
         <run_address>0x200098f8</run_address>
         <size>0x8</size>
         <input_file_ref idref="fl-ea"/>
      </object_component>
      <object_component id="oc-2b8">
         <name>.text:malloc</name>
         <load_address>0x20009900</load_address>
         <run_address>0x20009900</run_address>
         <size>0x8</size>
         <input_file_ref idref="fl-d3"/>
      </object_component>
      <object_component id="oc-18d">
         <name>.text:UtilsDelay</name>
         <load_address>0x20009908</load_address>
         <run_address>0x20009908</run_address>
         <size>0x6</size>
         <input_file_ref idref="fl-14"/>
      </object_component>
      <object_component id="oc-8e">
         <name>.text:_system_pre_init</name>
         <load_address>0x2000990e</load_address>
         <run_address>0x2000990e</run_address>
         <size>0x4</size>
         <input_file_ref idref="fl-e0"/>
      </object_component>
      <object_component id="oc-192">
         <name>.text:abort:abort</name>
         <load_address>0x20009912</load_address>
         <run_address>0x20009912</run_address>
         <size>0x4</size>
         <input_file_ref idref="fl-e2"/>
      </object_component>
      <object_component id="oc-2e9">
         <name>.const:.string:font</name>
         <load_address>0x20009918</load_address>
         <run_address>0x20009918</run_address>
         <size>0x4fb</size>
         <input_file_ref idref="fl-2"/>
      </object_component>
      <object_component id="oc-473">
         <name>.const:.string:_ctypes_</name>
         <load_address>0x20009e13</load_address>
         <run_address>0x20009e13</run_address>
         <size>0x101</size>
         <input_file_ref idref="fl-e6"/>
      </object_component>
      <object_component id="oc-352">
         <name>.const:g_ulPinToPadMap</name>
         <load_address>0x20009f14</load_address>
         <run_address>0x20009f14</run_address>
         <size>0x100</size>
         <input_file_ref idref="fl-f"/>
      </object_component>
      <object_component id="oc-32d">
         <name>.const:g_pulRegs</name>
         <load_address>0x2000a014</load_address>
         <run_address>0x2000a014</run_address>
         <size>0xd4</size>
         <input_file_ref idref="fl-e"/>
      </object_component>
      <object_component id="oc-270">
         <name>.const:PRCM_PeriphRegsList</name>
         <load_address>0x2000a0e8</load_address>
         <run_address>0x2000a0e8</run_address>
         <size>0xa8</size>
         <input_file_ref idref="fl-10"/>
      </object_component>
      <object_component id="oc-3f6">
         <name>.const:g_pulDisRegs</name>
         <load_address>0x2000a190</load_address>
         <run_address>0x2000a190</run_address>
         <size>0x18</size>
         <input_file_ref idref="fl-e"/>
      </object_component>
      <object_component id="oc-223">
         <name>.const:g_pulEnRegs</name>
         <load_address>0x2000a1a8</load_address>
         <run_address>0x2000a1a8</run_address>
         <size>0x18</size>
         <input_file_ref idref="fl-e"/>
      </object_component>
      <object_component id="oc-561">
         <name>.cinit..data.load</name>
         <load_address>0x2000a1c0</load_address>
         <run_address>0x2000a1c0</run_address>
         <size>0x5f</size>
      </object_component>
      <object_component id="oc-55f">
         <name>__TI_handler_table</name>
         <load_address>0x2000a220</load_address>
         <run_address>0x2000a220</run_address>
         <size>0xc</size>
      </object_component>
      <object_component id="oc-562">
         <name>.cinit..bss.load</name>
         <load_address>0x2000a230</load_address>
         <run_address>0x2000a230</run_address>
         <size>0x8</size>
      </object_component>
      <object_component id="oc-560">
         <name>__TI_cinit_table</name>
         <load_address>0x2000a238</load_address>
         <run_address>0x2000a238</run_address>
         <size>0x10</size>
      </object_component>
      <object_component id="oc-2ec">
         <name>.data</name>
         <load_address>0x20017ac0</load_address>
         <run_address>0x20017ac0</run_address>
         <size>0x15</size>
         <input_file_ref idref="fl-2"/>
      </object_component>
      <object_component id="oc-16f">
         <name>.data:ONE</name>
         <load_address>0x20017980</load_address>
         <run_address>0x20017980</run_address>
         <size>0x40</size>
         <input_file_ref idref="fl-3"/>
      </object_component>
      <object_component id="oc-172">
         <name>.data:TWO</name>
         <load_address>0x20017a80</load_address>
         <run_address>0x20017a80</run_address>
         <size>0x40</size>
         <input_file_ref idref="fl-3"/>
      </object_component>
      <object_component id="oc-175">
         <name>.data:THREE</name>
         <load_address>0x20017a40</load_address>
         <run_address>0x20017a40</run_address>
         <size>0x40</size>
         <input_file_ref idref="fl-3"/>
      </object_component>
      <object_component id="oc-178">
         <name>.data:FOUR</name>
         <load_address>0x200178c0</load_address>
         <run_address>0x200178c0</run_address>
         <size>0x40</size>
         <input_file_ref idref="fl-3"/>
      </object_component>
      <object_component id="oc-17b">
         <name>.data:FIVE</name>
         <load_address>0x20017880</load_address>
         <run_address>0x20017880</run_address>
         <size>0x40</size>
         <input_file_ref idref="fl-3"/>
      </object_component>
      <object_component id="oc-17e">
         <name>.data:SIX</name>
         <load_address>0x20017a00</load_address>
         <run_address>0x20017a00</run_address>
         <size>0x40</size>
         <input_file_ref idref="fl-3"/>
      </object_component>
      <object_component id="oc-181">
         <name>.data:SEVEN</name>
         <load_address>0x200179c0</load_address>
         <run_address>0x200179c0</run_address>
         <size>0x40</size>
         <input_file_ref idref="fl-3"/>
      </object_component>
      <object_component id="oc-184">
         <name>.data:EIGHT</name>
         <load_address>0x20017800</load_address>
         <run_address>0x20017800</run_address>
         <size>0x40</size>
         <input_file_ref idref="fl-3"/>
      </object_component>
      <object_component id="oc-187">
         <name>.data:NINE</name>
         <load_address>0x20017940</load_address>
         <run_address>0x20017940</run_address>
         <size>0x40</size>
         <input_file_ref idref="fl-3"/>
      </object_component>
      <object_component id="oc-18a">
         <name>.data:ENTER</name>
         <load_address>0x20017840</load_address>
         <run_address>0x20017840</run_address>
         <size>0x40</size>
         <input_file_ref idref="fl-3"/>
      </object_component>
      <object_component id="oc-18e">
         <name>.data:LAST</name>
         <load_address>0x20017900</load_address>
         <run_address>0x20017900</run_address>
         <size>0x40</size>
         <input_file_ref idref="fl-3"/>
      </object_component>
      <object_component id="oc-110">
         <name>.data:receiver</name>
         <load_address>0x20017ae8</load_address>
         <run_address>0x20017ae8</run_address>
         <size>0x8</size>
         <input_file_ref idref="fl-3"/>
      </object_component>
      <object_component id="oc-458">
         <name>.data:$O1$$</name>
         <load_address>0x20017ae0</load_address>
         <run_address>0x20017ae0</run_address>
         <size>0x8</size>
         <input_file_ref idref="fl-d3"/>
      </object_component>
      <object_component id="oc-30f">
         <name>.data:$O1$$</name>
         <load_address>0x20017ad8</load_address>
         <run_address>0x20017ad8</run_address>
         <size>0x8</size>
         <input_file_ref idref="fl-e3"/>
      </object_component>
      <object_component id="oc-4da">
         <name>.data</name>
         <load_address>0x20017af0</load_address>
         <run_address>0x20017af0</run_address>
         <size>0x4</size>
         <input_file_ref idref="fl-ea"/>
      </object_component>
      <object_component id="oc-169">
         <name>.bss:g_ucTxBuff</name>
         <uninitialized>true</uninitialized>
         <run_address>0x20017b58</run_address>
         <size>0x64</size>
         <input_file_ref idref="fl-3"/>
      </object_component>
      <object_component id="oc-16c">
         <name>.bss:g_ucRxBuff</name>
         <uninitialized>true</uninitialized>
         <run_address>0x20017af4</run_address>
         <size>0x64</size>
         <input_file_ref idref="fl-3"/>
      </object_component>
      <object_component id="oc-10a">
         <name>.bss</name>
         <uninitialized>true</uninitialized>
         <run_address>0x20017bbc</run_address>
         <size>0x8</size>
         <input_file_ref idref="fl-3"/>
      </object_component>
      <object_component id="oc-2ca">
         <name>.bss</name>
         <uninitialized>true</uninitialized>
         <run_address>0x20017bc4</run_address>
         <size>0x4</size>
         <input_file_ref idref="fl-7"/>
      </object_component>
      <object_component id="oc-113">
         <name>.common:receiver_intcount</name>
         <uninitialized>true</uninitialized>
         <run_address>0x20017bcc</run_address>
         <size>0x4</size>
      </object_component>
      <object_component id="oc-114">
         <name>.common:receiver_intflag</name>
         <uninitialized>true</uninitialized>
         <run_address>0x20017bd0</run_address>
         <size>0x1</size>
      </object_component>
      <object_component id="oc-10d">
         <name>.common:g_ulTimerInts</name>
         <uninitialized>true</uninitialized>
         <run_address>0x20017bc8</run_address>
         <size>0x4</size>
      </object_component>
      <object_component id="oc-20">
         <name>.sysmem</name>
         <uninitialized>true</uninitialized>
         <run_address>0x20017000</run_address>
         <size>0x10</size>
         <input_file_ref idref="fl-d3"/>
      </object_component>
      <object_component id="oc-564">
         <name>.sysmem</name>
         <uninitialized>true</uninitialized>
         <run_address>0x20017000</run_address>
         <size>0x0</size>
      </object_component>
      <object_component id="oc-23">
         <name>.stack</name>
         <uninitialized>true</uninitialized>
         <run_address>0x2002f800</run_address>
         <size>0x4</size>
         <input_file_ref idref="fl-d5"/>
      </object_component>
      <object_component id="oc-563">
         <name>.stack</name>
         <uninitialized>true</uninitialized>
         <run_address>0x2002f800</run_address>
         <size>0x0</size>
      </object_component>
      <object_component id="oc-2f0">
         <name>.debug_info</name>
         <load_address>0x0</load_address>
         <run_address>0x0</run_address>
         <size>0x218</size>
         <input_file_ref idref="fl-2"/>
      </object_component>
      <object_component id="oc-2ea">
         <name>.debug_info</name>
         <load_address>0x218</load_address>
         <run_address>0x218</run_address>
         <size>0xca</size>
         <input_file_ref idref="fl-2"/>
      </object_component>
      <object_component id="oc-2ed">
         <name>.debug_info</name>
         <load_address>0x2e2</load_address>
         <run_address>0x2e2</run_address>
         <size>0x178</size>
         <input_file_ref idref="fl-2"/>
      </object_component>
      <object_component id="oc-164">
         <name>.debug_info</name>
         <load_address>0x45a</load_address>
         <run_address>0x45a</run_address>
         <size>0x1536</size>
         <input_file_ref idref="fl-2"/>
      </object_component>
      <object_component id="oc-35">
         <name>.debug_info</name>
         <load_address>0x1990</load_address>
         <run_address>0x1990</run_address>
         <size>0x84</size>
         <input_file_ref idref="fl-2"/>
      </object_component>
      <object_component id="oc-10e">
         <name>.debug_info</name>
         <load_address>0x1a14</load_address>
         <run_address>0x1a14</run_address>
         <size>0xa15</size>
         <input_file_ref idref="fl-3"/>
      </object_component>
      <object_component id="oc-170">
         <name>.debug_info</name>
         <load_address>0x2429</load_address>
         <run_address>0x2429</run_address>
         <size>0xc0</size>
         <input_file_ref idref="fl-3"/>
      </object_component>
      <object_component id="oc-173">
         <name>.debug_info</name>
         <load_address>0x24e9</load_address>
         <run_address>0x24e9</run_address>
         <size>0xc0</size>
         <input_file_ref idref="fl-3"/>
      </object_component>
      <object_component id="oc-176">
         <name>.debug_info</name>
         <load_address>0x25a9</load_address>
         <run_address>0x25a9</run_address>
         <size>0xc4</size>
         <input_file_ref idref="fl-3"/>
      </object_component>
      <object_component id="oc-179">
         <name>.debug_info</name>
         <load_address>0x266d</load_address>
         <run_address>0x266d</run_address>
         <size>0xc2</size>
         <input_file_ref idref="fl-3"/>
      </object_component>
      <object_component id="oc-17c">
         <name>.debug_info</name>
         <load_address>0x272f</load_address>
         <run_address>0x272f</run_address>
         <size>0xc2</size>
         <input_file_ref idref="fl-3"/>
      </object_component>
      <object_component id="oc-17f">
         <name>.debug_info</name>
         <load_address>0x27f1</load_address>
         <run_address>0x27f1</run_address>
         <size>0xc0</size>
         <input_file_ref idref="fl-3"/>
      </object_component>
      <object_component id="oc-182">
         <name>.debug_info</name>
         <load_address>0x28b1</load_address>
         <run_address>0x28b1</run_address>
         <size>0xc4</size>
         <input_file_ref idref="fl-3"/>
      </object_component>
      <object_component id="oc-185">
         <name>.debug_info</name>
         <load_address>0x2975</load_address>
         <run_address>0x2975</run_address>
         <size>0xc4</size>
         <input_file_ref idref="fl-3"/>
      </object_component>
      <object_component id="oc-188">
         <name>.debug_info</name>
         <load_address>0x2a39</load_address>
         <run_address>0x2a39</run_address>
         <size>0xc2</size>
         <input_file_ref idref="fl-3"/>
      </object_component>
      <object_component id="oc-18b">
         <name>.debug_info</name>
         <load_address>0x2afb</load_address>
         <run_address>0x2afb</run_address>
         <size>0xc4</size>
         <input_file_ref idref="fl-3"/>
      </object_component>
      <object_component id="oc-18f">
         <name>.debug_info</name>
         <load_address>0x2bbf</load_address>
         <run_address>0x2bbf</run_address>
         <size>0xc2</size>
         <input_file_ref idref="fl-3"/>
      </object_component>
      <object_component id="oc-16a">
         <name>.debug_info</name>
         <load_address>0x2c81</load_address>
         <run_address>0x2c81</run_address>
         <size>0xce</size>
         <input_file_ref idref="fl-3"/>
      </object_component>
      <object_component id="oc-16d">
         <name>.debug_info</name>
         <load_address>0x2d4f</load_address>
         <run_address>0x2d4f</run_address>
         <size>0xce</size>
         <input_file_ref idref="fl-3"/>
      </object_component>
      <object_component id="oc-10b">
         <name>.debug_info</name>
         <load_address>0x2e1d</load_address>
         <run_address>0x2e1d</run_address>
         <size>0x116</size>
         <input_file_ref idref="fl-3"/>
      </object_component>
      <object_component id="oc-111">
         <name>.debug_info</name>
         <load_address>0x2f33</load_address>
         <run_address>0x2f33</run_address>
         <size>0xca</size>
         <input_file_ref idref="fl-3"/>
      </object_component>
      <object_component id="oc-95">
         <name>.debug_info</name>
         <load_address>0x2ffd</load_address>
         <run_address>0x2ffd</run_address>
         <size>0x224b</size>
         <input_file_ref idref="fl-3"/>
      </object_component>
      <object_component id="oc-24c">
         <name>.debug_info</name>
         <load_address>0x5248</load_address>
         <run_address>0x5248</run_address>
         <size>0x62</size>
         <input_file_ref idref="fl-3"/>
      </object_component>
      <object_component id="oc-364">
         <name>.debug_info</name>
         <load_address>0x52aa</load_address>
         <run_address>0x52aa</run_address>
         <size>0x62</size>
         <input_file_ref idref="fl-3"/>
      </object_component>
      <object_component id="oc-215">
         <name>.debug_info</name>
         <load_address>0x530c</load_address>
         <run_address>0x530c</run_address>
         <size>0x2c</size>
         <input_file_ref idref="fl-3"/>
      </object_component>
      <object_component id="oc-b9">
         <name>.debug_info</name>
         <load_address>0x5338</load_address>
         <run_address>0x5338</run_address>
         <size>0x2c</size>
         <input_file_ref idref="fl-3"/>
      </object_component>
      <object_component id="oc-117">
         <name>.debug_info</name>
         <load_address>0x5364</load_address>
         <run_address>0x5364</run_address>
         <size>0x3a3</size>
         <input_file_ref idref="fl-4"/>
      </object_component>
      <object_component id="oc-2e">
         <name>.debug_info</name>
         <load_address>0x5707</load_address>
         <run_address>0x5707</run_address>
         <size>0x188</size>
         <input_file_ref idref="fl-5"/>
      </object_component>
      <object_component id="oc-10">
         <name>.debug_info</name>
         <load_address>0x588f</load_address>
         <run_address>0x588f</run_address>
         <size>0x107</size>
         <input_file_ref idref="fl-5"/>
      </object_component>
      <object_component id="oc-2a">
         <name>.debug_info</name>
         <load_address>0x5996</load_address>
         <run_address>0x5996</run_address>
         <size>0x428</size>
         <input_file_ref idref="fl-5"/>
      </object_component>
      <object_component id="oc-213">
         <name>.debug_info</name>
         <load_address>0x5dbe</load_address>
         <run_address>0x5dbe</run_address>
         <size>0x44d</size>
         <input_file_ref idref="fl-6"/>
      </object_component>
      <object_component id="oc-c3">
         <name>.debug_info</name>
         <load_address>0x620b</load_address>
         <run_address>0x620b</run_address>
         <size>0x9fd</size>
         <input_file_ref idref="fl-6"/>
      </object_component>
      <object_component id="oc-2ce">
         <name>.debug_info</name>
         <load_address>0x6c08</load_address>
         <run_address>0x6c08</run_address>
         <size>0x3a0</size>
         <input_file_ref idref="fl-7"/>
      </object_component>
      <object_component id="oc-2cb">
         <name>.debug_info</name>
         <load_address>0x6fa8</load_address>
         <run_address>0x6fa8</run_address>
         <size>0xd1</size>
         <input_file_ref idref="fl-7"/>
      </object_component>
      <object_component id="oc-14d">
         <name>.debug_info</name>
         <load_address>0x7079</load_address>
         <run_address>0x7079</run_address>
         <size>0x637</size>
         <input_file_ref idref="fl-7"/>
      </object_component>
      <object_component id="oc-3bd">
         <name>.debug_info</name>
         <load_address>0x76b0</load_address>
         <run_address>0x76b0</run_address>
         <size>0x26b</size>
         <input_file_ref idref="fl-7"/>
      </object_component>
      <object_component id="oc-2d4">
         <name>.debug_info</name>
         <load_address>0x791b</load_address>
         <run_address>0x791b</run_address>
         <size>0x110</size>
         <input_file_ref idref="fl-7"/>
      </object_component>
      <object_component id="oc-3c2">
         <name>.debug_info</name>
         <load_address>0x7a2b</load_address>
         <run_address>0x7a2b</run_address>
         <size>0x297</size>
         <input_file_ref idref="fl-7"/>
      </object_component>
      <object_component id="oc-2cf">
         <name>.debug_info</name>
         <load_address>0x7cc2</load_address>
         <run_address>0x7cc2</run_address>
         <size>0x2c</size>
         <input_file_ref idref="fl-7"/>
      </object_component>
      <object_component id="oc-2e6">
         <name>.debug_info</name>
         <load_address>0x7cee</load_address>
         <run_address>0x7cee</run_address>
         <size>0x1e0</size>
         <input_file_ref idref="fl-d"/>
      </object_component>
      <object_component id="oc-2dd">
         <name>.debug_info</name>
         <load_address>0x7ece</load_address>
         <run_address>0x7ece</run_address>
         <size>0x19e</size>
         <input_file_ref idref="fl-d"/>
      </object_component>
      <object_component id="oc-261">
         <name>.debug_info</name>
         <load_address>0x806c</load_address>
         <run_address>0x806c</run_address>
         <size>0x1dd</size>
         <input_file_ref idref="fl-d"/>
      </object_component>
      <object_component id="oc-15b">
         <name>.debug_info</name>
         <load_address>0x8249</load_address>
         <run_address>0x8249</run_address>
         <size>0x1e8</size>
         <input_file_ref idref="fl-d"/>
      </object_component>
      <object_component id="oc-161">
         <name>.debug_info</name>
         <load_address>0x8431</load_address>
         <run_address>0x8431</run_address>
         <size>0x1bf</size>
         <input_file_ref idref="fl-d"/>
      </object_component>
      <object_component id="oc-cc">
         <name>.debug_info</name>
         <load_address>0x85f0</load_address>
         <run_address>0x85f0</run_address>
         <size>0x1b7</size>
         <input_file_ref idref="fl-d"/>
      </object_component>
      <object_component id="oc-d2">
         <name>.debug_info</name>
         <load_address>0x87a7</load_address>
         <run_address>0x87a7</run_address>
         <size>0x1bd</size>
         <input_file_ref idref="fl-d"/>
      </object_component>
      <object_component id="oc-155">
         <name>.debug_info</name>
         <load_address>0x8964</load_address>
         <run_address>0x8964</run_address>
         <size>0x208</size>
         <input_file_ref idref="fl-d"/>
      </object_component>
      <object_component id="oc-fc">
         <name>.debug_info</name>
         <load_address>0x8b6c</load_address>
         <run_address>0x8b6c</run_address>
         <size>0x1d4</size>
         <input_file_ref idref="fl-d"/>
      </object_component>
      <object_component id="oc-34b">
         <name>.debug_info</name>
         <load_address>0x8d40</load_address>
         <run_address>0x8d40</run_address>
         <size>0x201</size>
         <input_file_ref idref="fl-e"/>
      </object_component>
      <object_component id="oc-32e">
         <name>.debug_info</name>
         <load_address>0x8f41</load_address>
         <run_address>0x8f41</run_address>
         <size>0xf0</size>
         <input_file_ref idref="fl-e"/>
      </object_component>
      <object_component id="oc-224">
         <name>.debug_info</name>
         <load_address>0x9031</load_address>
         <run_address>0x9031</run_address>
         <size>0xf4</size>
         <input_file_ref idref="fl-e"/>
      </object_component>
      <object_component id="oc-3f7">
         <name>.debug_info</name>
         <load_address>0x9125</load_address>
         <run_address>0x9125</run_address>
         <size>0xf6</size>
         <input_file_ref idref="fl-e"/>
      </object_component>
      <object_component id="oc-3fc">
         <name>.debug_info</name>
         <load_address>0x921b</load_address>
         <run_address>0x921b</run_address>
         <size>0x161</size>
         <input_file_ref idref="fl-e"/>
      </object_component>
      <object_component id="oc-dc">
         <name>.debug_info</name>
         <load_address>0x937c</load_address>
         <run_address>0x937c</run_address>
         <size>0x17c</size>
         <input_file_ref idref="fl-e"/>
      </object_component>
      <object_component id="oc-d6">
         <name>.debug_info</name>
         <load_address>0x94f8</load_address>
         <run_address>0x94f8</run_address>
         <size>0x1ae</size>
         <input_file_ref idref="fl-e"/>
      </object_component>
      <object_component id="oc-2e1">
         <name>.debug_info</name>
         <load_address>0x96a6</load_address>
         <run_address>0x96a6</run_address>
         <size>0x1f8</size>
         <input_file_ref idref="fl-e"/>
      </object_component>
      <object_component id="oc-340">
         <name>.debug_info</name>
         <load_address>0x989e</load_address>
         <run_address>0x989e</run_address>
         <size>0x1c3</size>
         <input_file_ref idref="fl-e"/>
      </object_component>
      <object_component id="oc-1de">
         <name>.debug_info</name>
         <load_address>0x9a61</load_address>
         <run_address>0x9a61</run_address>
         <size>0x1fa</size>
         <input_file_ref idref="fl-e"/>
      </object_component>
      <object_component id="oc-e2">
         <name>.debug_info</name>
         <load_address>0x9c5b</load_address>
         <run_address>0x9c5b</run_address>
         <size>0x19f</size>
         <input_file_ref idref="fl-e"/>
      </object_component>
      <object_component id="oc-33a">
         <name>.debug_info</name>
         <load_address>0x9dfa</load_address>
         <run_address>0x9dfa</run_address>
         <size>0x1a1</size>
         <input_file_ref idref="fl-e"/>
      </object_component>
      <object_component id="oc-405">
         <name>.debug_info</name>
         <load_address>0x9f9b</load_address>
         <run_address>0x9f9b</run_address>
         <size>0x14e</size>
         <input_file_ref idref="fl-f"/>
      </object_component>
      <object_component id="oc-353">
         <name>.debug_info</name>
         <load_address>0xa0e9</load_address>
         <run_address>0xa0e9</run_address>
         <size>0xf6</size>
         <input_file_ref idref="fl-f"/>
      </object_component>
      <object_component id="oc-253">
         <name>.debug_info</name>
         <load_address>0xa1df</load_address>
         <run_address>0xa1df</run_address>
         <size>0x1bf</size>
         <input_file_ref idref="fl-f"/>
      </object_component>
      <object_component id="oc-359">
         <name>.debug_info</name>
         <load_address>0xa39e</load_address>
         <run_address>0xa39e</run_address>
         <size>0x20d</size>
         <input_file_ref idref="fl-f"/>
      </object_component>
      <object_component id="oc-26c">
         <name>.debug_info</name>
         <load_address>0xa5ab</load_address>
         <run_address>0xa5ab</run_address>
         <size>0x1d4</size>
         <input_file_ref idref="fl-f"/>
      </object_component>
      <object_component id="oc-265">
         <name>.debug_info</name>
         <load_address>0xa77f</load_address>
         <run_address>0xa77f</run_address>
         <size>0x1d2</size>
         <input_file_ref idref="fl-f"/>
      </object_component>
      <object_component id="oc-259">
         <name>.debug_info</name>
         <load_address>0xa951</load_address>
         <run_address>0xa951</run_address>
         <size>0x222</size>
         <input_file_ref idref="fl-f"/>
      </object_component>
      <object_component id="oc-275">
         <name>.debug_info</name>
         <load_address>0xab73</load_address>
         <run_address>0xab73</run_address>
         <size>0x25e</size>
         <input_file_ref idref="fl-10"/>
      </object_component>
      <object_component id="oc-271">
         <name>.debug_info</name>
         <load_address>0xadd1</load_address>
         <run_address>0xadd1</run_address>
         <size>0xff</size>
         <input_file_ref idref="fl-10"/>
      </object_component>
      <object_component id="oc-229">
         <name>.debug_info</name>
         <load_address>0xaed0</load_address>
         <run_address>0xaed0</run_address>
         <size>0x1a6</size>
         <input_file_ref idref="fl-10"/>
      </object_component>
      <object_component id="oc-11d">
         <name>.debug_info</name>
         <load_address>0xb076</load_address>
         <run_address>0xb076</run_address>
         <size>0x1eb</size>
         <input_file_ref idref="fl-10"/>
      </object_component>
      <object_component id="oc-23b">
         <name>.debug_info</name>
         <load_address>0xb261</load_address>
         <run_address>0xb261</run_address>
         <size>0x1ed</size>
         <input_file_ref idref="fl-10"/>
      </object_component>
      <object_component id="oc-12f">
         <name>.debug_info</name>
         <load_address>0xb44e</load_address>
         <run_address>0xb44e</run_address>
         <size>0x216</size>
         <input_file_ref idref="fl-10"/>
      </object_component>
      <object_component id="oc-123">
         <name>.debug_info</name>
         <load_address>0xb664</load_address>
         <run_address>0xb664</run_address>
         <size>0x1c0</size>
         <input_file_ref idref="fl-10"/>
      </object_component>
      <object_component id="oc-e9">
         <name>.debug_info</name>
         <load_address>0xb824</load_address>
         <run_address>0xb824</run_address>
         <size>0x283</size>
         <input_file_ref idref="fl-10"/>
      </object_component>
      <object_component id="oc-230">
         <name>.debug_info</name>
         <load_address>0xbaa7</load_address>
         <run_address>0xbaa7</run_address>
         <size>0x1bf</size>
         <input_file_ref idref="fl-10"/>
      </object_component>
      <object_component id="oc-236">
         <name>.debug_info</name>
         <load_address>0xbc66</load_address>
         <run_address>0xbc66</run_address>
         <size>0x1d4</size>
         <input_file_ref idref="fl-10"/>
      </object_component>
      <object_component id="oc-245">
         <name>.debug_info</name>
         <load_address>0xbe3a</load_address>
         <run_address>0xbe3a</run_address>
         <size>0x232</size>
         <input_file_ref idref="fl-11"/>
      </object_component>
      <object_component id="oc-27b">
         <name>.debug_info</name>
         <load_address>0xc06c</load_address>
         <run_address>0xc06c</run_address>
         <size>0x2dc</size>
         <input_file_ref idref="fl-11"/>
      </object_component>
      <object_component id="oc-281">
         <name>.debug_info</name>
         <load_address>0xc348</load_address>
         <run_address>0xc348</run_address>
         <size>0x2df</size>
         <input_file_ref idref="fl-11"/>
      </object_component>
      <object_component id="oc-287">
         <name>.debug_info</name>
         <load_address>0xc627</load_address>
         <run_address>0xc627</run_address>
         <size>0x2e1</size>
         <input_file_ref idref="fl-11"/>
      </object_component>
      <object_component id="oc-13a">
         <name>.debug_info</name>
         <load_address>0xc908</load_address>
         <run_address>0xc908</run_address>
         <size>0x179</size>
         <input_file_ref idref="fl-11"/>
      </object_component>
      <object_component id="oc-128">
         <name>.debug_info</name>
         <load_address>0xca81</load_address>
         <run_address>0xca81</run_address>
         <size>0x177</size>
         <input_file_ref idref="fl-11"/>
      </object_component>
      <object_component id="oc-134">
         <name>.debug_info</name>
         <load_address>0xcbf8</load_address>
         <run_address>0xcbf8</run_address>
         <size>0x28e</size>
         <input_file_ref idref="fl-11"/>
      </object_component>
      <object_component id="oc-105">
         <name>.debug_info</name>
         <load_address>0xce86</load_address>
         <run_address>0xce86</run_address>
         <size>0x1aa</size>
         <input_file_ref idref="fl-11"/>
      </object_component>
      <object_component id="oc-ff">
         <name>.debug_info</name>
         <load_address>0xd030</load_address>
         <run_address>0xd030</run_address>
         <size>0x1a6</size>
         <input_file_ref idref="fl-11"/>
      </object_component>
      <object_component id="oc-146">
         <name>.debug_info</name>
         <load_address>0xd1d6</load_address>
         <run_address>0xd1d6</run_address>
         <size>0x17d</size>
         <input_file_ref idref="fl-11"/>
      </object_component>
      <object_component id="oc-140">
         <name>.debug_info</name>
         <load_address>0xd353</load_address>
         <run_address>0xd353</run_address>
         <size>0x289</size>
         <input_file_ref idref="fl-11"/>
      </object_component>
      <object_component id="oc-332">
         <name>.debug_info</name>
         <load_address>0xd5dc</load_address>
         <run_address>0xd5dc</run_address>
         <size>0x1e1</size>
         <input_file_ref idref="fl-12"/>
      </object_component>
      <object_component id="oc-f5">
         <name>.debug_info</name>
         <load_address>0xd7bd</load_address>
         <run_address>0xd7bd</run_address>
         <size>0x1af</size>
         <input_file_ref idref="fl-12"/>
      </object_component>
      <object_component id="oc-1fb">
         <name>.debug_info</name>
         <load_address>0xd96c</load_address>
         <run_address>0xd96c</run_address>
         <size>0x1b1</size>
         <input_file_ref idref="fl-12"/>
      </object_component>
      <object_component id="oc-1d3">
         <name>.debug_info</name>
         <load_address>0xdb1d</load_address>
         <run_address>0xdb1d</run_address>
         <size>0x1b9</size>
         <input_file_ref idref="fl-12"/>
      </object_component>
      <object_component id="oc-1d8">
         <name>.debug_info</name>
         <load_address>0xdcd6</load_address>
         <run_address>0xdcd6</run_address>
         <size>0x1eb</size>
         <input_file_ref idref="fl-12"/>
      </object_component>
      <object_component id="oc-ee">
         <name>.debug_info</name>
         <load_address>0xdec1</load_address>
         <run_address>0xdec1</run_address>
         <size>0x1e3</size>
         <input_file_ref idref="fl-12"/>
      </object_component>
      <object_component id="oc-20e">
         <name>.debug_info</name>
         <load_address>0xe0a4</load_address>
         <run_address>0xe0a4</run_address>
         <size>0x1ba</size>
         <input_file_ref idref="fl-12"/>
      </object_component>
      <object_component id="oc-1e4">
         <name>.debug_info</name>
         <load_address>0xe25e</load_address>
         <run_address>0xe25e</run_address>
         <size>0x23b</size>
         <input_file_ref idref="fl-12"/>
      </object_component>
      <object_component id="oc-208">
         <name>.debug_info</name>
         <load_address>0xe499</load_address>
         <run_address>0xe499</run_address>
         <size>0x20a</size>
         <input_file_ref idref="fl-12"/>
      </object_component>
      <object_component id="oc-1e9">
         <name>.debug_info</name>
         <load_address>0xe6a3</load_address>
         <run_address>0xe6a3</run_address>
         <size>0x1c4</size>
         <input_file_ref idref="fl-12"/>
      </object_component>
      <object_component id="oc-202">
         <name>.debug_info</name>
         <load_address>0xe867</load_address>
         <run_address>0xe867</run_address>
[...]
      </symbol>
      <symbol id="sm-314">
         <name>InitTerm</name>
         <value>0x20006d31</value>
         <object_component_ref idref="oc-14b"/>
      </symbol>
      <symbol id="sm-315">
         <name>ClearTerm</name>
         <value>0x20006d71</value>
         <object_component_ref idref="oc-14b"/>
      </symbol>
      <symbol id="sm-316">
         <name>TrimSpace</name>
         <value>0x20006e59</value>
         <object_component_ref idref="oc-14b"/>
      </symbol>
      <symbol id="sm-36e">
         <name>GPIOIntRegister</name>
         <value>0x200095f1</value>
         <object_component_ref idref="oc-151"/>
      </symbol>
      <symbol id="sm-36f">
         <name>GPIOIntEnable</name>
         <value>0x20009731</value>
         <object_component_ref idref="oc-15d"/>
      </symbol>
      <symbol id="sm-370">
         <name>GPIOIntTypeSet</name>
         <value>0x20008af9</value>
         <object_component_ref idref="oc-157"/>
      </symbol>
      <symbol id="sm-371">
         <name>GPIOIntClear</name>
         <value>0x20009865</value>
         <object_component_ref idref="oc-ce"/>
      </symbol>
      <symbol id="sm-372">
         <name>GPIOIntStatus</name>
         <value>0x2000954d</value>
         <object_component_ref idref="oc-c8"/>
      </symbol>
      <symbol id="sm-373">
         <name>GPIODirModeSet</name>
         <value>0x200092f5</value>
         <object_component_ref idref="oc-25d"/>
      </symbol>
      <symbol id="sm-374">
         <name>GPIOPinWrite</name>
         <value>0x20009591</value>
         <object_component_ref idref="oc-f8"/>
      </symbol>
      <symbol id="sm-3eb">
         <name>IntPrioritySet</name>
         <value>0x20008f99</value>
         <object_component_ref idref="oc-1dc"/>
      </symbol>
      <symbol id="sm-3ec">
         <name>IntVTableBaseSet</name>
         <value>0x20009879</value>
         <object_component_ref idref="oc-d4"/>
      </symbol>
      <symbol id="sm-3ed">
         <name>IntEnable</name>
         <value>0x200085cd</value>
         <object_component_ref idref="oc-e0"/>
      </symbol>
      <symbol id="sm-3ee">
         <name>IntDisable</name>
         <value>0x20008525</value>
         <object_component_ref idref="oc-338"/>
      </symbol>
      <symbol id="sm-3ef">
         <name>IntRegister</name>
         <value>0x200095b1</value>
         <object_component_ref idref="oc-2df"/>
      </symbol>
      <symbol id="sm-3f0">
         <name>IntUnregister</name>
         <value>0x200094bd</value>
         <object_component_ref idref="oc-33e"/>
      </symbol>
      <symbol id="sm-3f1">
         <name>IntMasterEnable</name>
         <value>0x200098ed</value>
         <object_component_ref idref="oc-da"/>
      </symbol>
      <symbol id="sm-430">
         <name>PinTypeUART</name>
         <value>0x20009765</value>
         <object_component_ref idref="oc-269"/>
      </symbol>
      <symbol id="sm-431">
         <name>PinTypeGPIO</name>
         <value>0x2000932b</value>
         <object_component_ref idref="oc-257"/>
      </symbol>
      <symbol id="sm-432">
         <name>PinConfigSet</name>
         <value>0x200088dd</value>
         <object_component_ref idref="oc-356"/>
      </symbol>
      <symbol id="sm-433">
         <name>PinTypeSPI</name>
         <value>0x2000974b</value>
         <object_component_ref idref="oc-263"/>
      </symbol>
      <symbol id="sm-434">
         <name>PinModeSet</name>
         <value>0x200091f9</value>
         <object_component_ref idref="oc-251"/>
      </symbol>
      <symbol id="sm-4ba">
         <name>PRCMPeripheralReset</name>
         <value>0x20008ee9</value>
         <object_component_ref idref="oc-121"/>
      </symbol>
      <symbol id="sm-4bb">
         <name>PRCMPeripheralClkEnable</name>
         <value>0x200092b9</value>
         <object_component_ref idref="oc-11b"/>
      </symbol>
      <symbol id="sm-4bc">
         <name>PRCMPeripheralClockGet</name>
         <value>0x20008849</value>
         <object_component_ref idref="oc-12d"/>
      </symbol>
      <symbol id="sm-4bd">
         <name>PRCMCC3200MCUInit</name>
         <value>0x20007735</value>
         <object_component_ref idref="oc-e6"/>
      </symbol>
      <symbol id="sm-4be">
         <name>PRCMHIBRegWrite</name>
         <value>0x20009825</value>
         <object_component_ref idref="oc-233"/>
      </symbol>
      <symbol id="sm-4bf">
         <name>PRCMSysResetCauseGet</name>
         <value>0x200093ed</value>
         <object_component_ref idref="oc-227"/>
      </symbol>
      <symbol id="sm-4c0">
         <name>PRCMPeripheralClkDisable</name>
         <value>0x2000946d</value>
         <object_component_ref idref="oc-239"/>
      </symbol>
      <symbol id="sm-4c1">
         <name>PRCMHIBRegRead</name>
         <value>0x2000980f</value>
         <object_component_ref idref="oc-22d"/>
      </symbol>
      <symbol id="sm-53f">
         <name>SPITransfer</name>
         <value>0x20008965</value>
         <object_component_ref idref="oc-13f"/>
      </symbol>
      <symbol id="sm-540">
         <name>SPICSEnable</name>
         <value>0x2000977f</value>
         <object_component_ref idref="oc-145"/>
      </symbol>
      <symbol id="sm-541">
         <name>SPIDataPut</name>
         <value>0x2000960f</value>
         <object_component_ref idref="oc-fe"/>
      </symbol>
      <symbol id="sm-542">
         <name>SPIEnable</name>
         <value>0x20009797</value>
         <object_component_ref idref="oc-139"/>
      </symbol>
      <symbol id="sm-543">
         <name>SPIDataGet</name>
         <value>0x200095d1</value>
         <object_component_ref idref="oc-104"/>
      </symbol>
      <symbol id="sm-544">
         <name>SPIConfigSetExpClk</name>
         <value>0x20008675</value>
         <object_component_ref idref="oc-133"/>
      </symbol>
      <symbol id="sm-545">
         <name>SPIReset</name>
         <value>0x2000956f</value>
         <object_component_ref idref="oc-127"/>
      </symbol>
      <symbol id="sm-5c9">
         <name>TimerLoadSet</name>
         <value>0x20009419</value>
         <object_component_ref idref="oc-ec"/>
      </symbol>
      <symbol id="sm-5ca">
         <name>TimerDisable</name>
         <value>0x2000962d</value>
         <object_component_ref idref="oc-1fa"/>
      </symbol>
      <symbol id="sm-5cb">
         <name>TimerIntRegister</name>
         <value>0x20008c6d</value>
         <object_component_ref idref="oc-1e2"/>
      </symbol>
      <symbol id="sm-5cc">
         <name>TimerEnable</name>
         <value>0x2000964b</value>
         <object_component_ref idref="oc-f2"/>
      </symbol>
      <symbol id="sm-5cd">
         <name>TimerIntUnregister</name>
         <value>0x20008dbd</value>
         <object_component_ref idref="oc-206"/>
      </symbol>
      <symbol id="sm-5ce">
         <name>TimerIntStatus</name>
         <value>0x20009669</value>
         <object_component_ref idref="oc-1ee"/>
      </symbol>
      <symbol id="sm-5cf">
         <name>TimerIntDisable</name>
         <value>0x200097af</value>
         <object_component_ref idref="oc-200"/>
      </symbol>
      <symbol id="sm-5d0">
         <name>TimerValueGet</name>
         <value>0x200096a5</value>
         <object_component_ref idref="oc-20c"/>
      </symbol>
      <symbol id="sm-5d1">
         <name>TimerPrescaleSet</name>
         <value>0x20009443</value>
         <object_component_ref idref="oc-1d6"/>
      </symbol>
      <symbol id="sm-5d2">
         <name>TimerIntEnable</name>
         <value>0x200097c7</value>
         <object_component_ref idref="oc-1e8"/>
      </symbol>
      <symbol id="sm-5d3">
         <name>TimerConfigure</name>
         <value>0x20009171</value>
         <object_component_ref idref="oc-1d0"/>
      </symbol>
      <symbol id="sm-5d4">
         <name>TimerIntClear</name>
         <value>0x200098a1</value>
         <object_component_ref idref="oc-1f4"/>
      </symbol>
      <symbol id="sm-610">
         <name>UARTConfigSetExpClk</name>
         <value>0x20008bf5</value>
         <object_component_ref idref="oc-28e"/>
      </symbol>
      <symbol id="sm-611">
         <name>UARTDisable</name>
         <value>0x2000935d</value>
         <object_component_ref idref="oc-36c"/>
      </symbol>
      <symbol id="sm-612">
         <name>UARTCharsAvail</name>
         <value>0x200097df</value>
         <object_component_ref idref="oc-2a0"/>
      </symbol>
      <symbol id="sm-613">
         <name>UARTCharGetNonBlocking</name>
         <value>0x200096c1</value>
         <object_component_ref idref="oc-2a6"/>
      </symbol>
      <symbol id="sm-614">
         <name>UARTCharPut</name>
         <value>0x20009687</value>
         <object_component_ref idref="oc-294"/>
      </symbol>
      <symbol id="sm-615">
         <name>UARTEnable</name>
         <value>0x200094e1</value>
         <object_component_ref idref="oc-372"/>
      </symbol>
      <symbol id="sm-619">
         <name>UtilsDelay</name>
         <value>0x20009909</value>
         <object_component_ref idref="oc-18d"/>
      </symbol>
      <symbol id="sm-623">
         <name>CPUcpsie</name>
         <value>0x20009851</value>
         <object_component_ref idref="oc-21c"/>
      </symbol>
      <symbol id="sm-653">
         <name>vsnprintf</name>
         <value>0x20009239</value>
         <object_component_ref idref="oc-29a"/>
      </symbol>
      <symbol id="sm-66e">
         <name>memcpy</name>
         <value>0x20008715</value>
         <object_component_ref idref="oc-3a"/>
      </symbol>
      <symbol id="sm-66f">
         <name>__aeabi_memcpy</name>
         <value>0x20008715</value>
         <object_component_ref idref="oc-3a"/>
      </symbol>
      <symbol id="sm-670">
         <name>__aeabi_memcpy8</name>
         <value>0x20008715</value>
         <object_component_ref idref="oc-3a"/>
      </symbol>
      <symbol id="sm-671">
         <name>__aeabi_memcpy4</name>
         <value>0x20008715</value>
         <object_component_ref idref="oc-3a"/>
      </symbol>
      <symbol id="sm-67e">
         <name>__aeabi_uldivmod</name>
         <value>0x200087b1</value>
         <object_component_ref idref="oc-478"/>
      </symbol>
      <symbol id="sm-692">
         <name>__TI_zero_init_nomemset</name>
         <value>0x200096dd</value>
         <object_component_ref idref="oc-46"/>
      </symbol>
      <symbol id="sm-6a9">
         <name>__TI_decompress_none</name>
         <value>0x200098c5</value>
         <object_component_ref idref="oc-18"/>
      </symbol>
      <symbol id="sm-6cc">
         <name>__TI_decompress_lzss</name>
         <value>0x20008e25</value>
         <object_component_ref idref="oc-12"/>
      </symbol>
      <symbol id="sm-6dc">
         <name>memmove</name>
         <value>0x20009529</value>
         <object_component_ref idref="oc-2b2"/>
      </symbol>
      <symbol id="sm-77a">
         <name>_sys_memory</name>
         <value>0x20017000</value>
         <object_component_ref idref="oc-20"/>
      </symbol>
      <symbol id="sm-77b">
         <name>free</name>
         <value>0x20008065</value>
         <object_component_ref idref="oc-2c4"/>
      </symbol>
      <symbol id="sm-77c">
         <name>realloc</name>
         <value>0x20007f7d</value>
         <object_component_ref idref="oc-2be"/>
      </symbol>
      <symbol id="sm-77d">
         <name>memalign</name>
         <value>0x20007d69</value>
         <object_component_ref idref="oc-39e"/>
      </symbol>
      <symbol id="sm-77e">
         <name>malloc</name>
         <value>0x20009901</value>
         <object_component_ref idref="oc-2b8"/>
      </symbol>
      <symbol id="sm-77f">
         <name>aligned_alloc</name>
         <value>0x20007d69</value>
         <object_component_ref idref="oc-39e"/>
      </symbol>
      <symbol id="sm-78d">
         <name>strlen</name>
         <value>0x2000988d</value>
         <object_component_ref idref="oc-2ac"/>
      </symbol>
      <symbol id="sm-79f">
         <name>__stack</name>
         <value>0x2002f800</value>
         <object_component_ref idref="oc-23"/>
      </symbol>
      <symbol id="sm-7a0">
         <name>_c_int00_noargs</name>
         <value>0x20009505</value>
         <object_component_ref idref="oc-58"/>
      </symbol>
      <symbol id="sm-905">
         <name>__TI_printfi</name>
         <value>0x200062e1</value>
         <object_component_ref idref="oc-37a"/>
      </symbol>
      <symbol id="sm-90f">
         <name>__aeabi_idiv0</name>
         <value>0x2000759b</value>
         <object_component_ref idref="oc-4f2"/>
      </symbol>
      <symbol id="sm-910">
         <name>__aeabi_ldiv0</name>
         <value>0x2000759b</value>
         <object_component_ref idref="oc-4f2"/>
      </symbol>
      <symbol id="sm-927">
         <name>__aeabi_dsub</name>
         <value>0x200073e5</value>
         <object_component_ref idref="oc-49e"/>
      </symbol>
      <symbol id="sm-928">
         <name>__aeabi_dadd</name>
         <value>0x200073ef</value>
         <object_component_ref idref="oc-49e"/>
      </symbol>
      <symbol id="sm-94a">
         <name>__aeabi_cdcmpeq</name>
         <value>0x200089ed</value>
         <object_component_ref idref="oc-415"/>
      </symbol>
      <symbol id="sm-94b">
         <name>__aeabi_cdcmple</name>
         <value>0x200089ed</value>
         <object_component_ref idref="oc-415"/>
      </symbol>
      <symbol id="sm-94c">
         <name>__aeabi_cdrcmple</name>
         <value>0x20008a73</value>
         <object_component_ref idref="oc-489"/>
      </symbol>
      <symbol id="sm-960">
         <name>__aeabi_ddiv</name>
         <value>0x200079e9</value>
         <object_component_ref idref="oc-484"/>
      </symbol>
      <symbol id="sm-96b">
         <name>__aeabi_dmul</name>
         <value>0x20007e81</value>
         <object_component_ref idref="oc-47f"/>
      </symbol>
      <symbol id="sm-975">
         <name>__aeabi_d2iz</name>
         <value>0x20009129</value>
         <object_component_ref idref="oc-48e"/>
      </symbol>
      <symbol id="sm-97f">
         <name>__aeabi_i2d</name>
         <value>0x200093bd</value>
         <object_component_ref idref="oc-499"/>
      </symbol>
      <symbol id="sm-98e">
         <name>__aeabi_memset</name>
         <value>0x20008b7d</value>
         <object_component_ref idref="oc-88"/>
      </symbol>
      <symbol id="sm-98f">
         <name>memset</name>
         <value>0x20008b83</value>
         <object_component_ref idref="oc-88"/>
      </symbol>
      <symbol id="sm-990">
         <name>__aeabi_memset8</name>
         <value>0x20008b7d</value>
         <object_component_ref idref="oc-88"/>
      </symbol>
      <symbol id="sm-991">
         <name>__aeabi_memset4</name>
         <value>0x20008b7d</value>
         <object_component_ref idref="oc-88"/>
      </symbol>
      <symbol id="sm-992">
         <name>__aeabi_memclr8</name>
         <value>0x20008b7b</value>
         <object_component_ref idref="oc-88"/>
      </symbol>
      <symbol id="sm-993">
         <name>__aeabi_memclr4</name>
         <value>0x20008b7b</value>
         <object_component_ref idref="oc-88"/>
      </symbol>
      <symbol id="sm-994">
         <name>__aeabi_memclr</name>
         <value>0x20008b7b</value>
         <object_component_ref idref="oc-88"/>
      </symbol>
      <symbol id="sm-9bc">
         <name>__TI_auto_init_nobinit_nopinit</name>
         <value>0x200091b5</value>
         <object_component_ref idref="oc-19e"/>
      </symbol>
      <symbol id="sm-9c6">
         <name>_system_pre_init</name>
         <value>0x2000990f</value>
         <object_component_ref idref="oc-8e"/>
      </symbol>
      <symbol id="sm-9d2">
         <name>C$$EXIT</name>
         <value>0x20009913</value>
         <object_component_ref idref="oc-192"/>
      </symbol>
      <symbol id="sm-9d3">
         <name>abort</name>
         <value>0x20009913</value>
         <object_component_ref idref="oc-192"/>
      </symbol>
      <symbol id="sm-9e8">
         <name>_nop</name>
         <value>0x20006d2f</value>
         <object_component_ref idref="oc-3d3"/>
      </symbol>
      <symbol id="sm-9e9">
         <name>_lock</name>
         <value>0x20017ad8</value>
         <object_component_ref idref="oc-30f"/>
      </symbol>
      <symbol id="sm-9ea">
         <name>_unlock</name>
         <value>0x20017adc</value>
         <object_component_ref idref="oc-30f"/>
      </symbol>
      <symbol id="sm-a01">
         <name>atoi</name>
         <value>0x20009095</value>
         <object_component_ref idref="oc-409"/>
      </symbol>
      <symbol id="sm-a0c">
         <name>_ctypes_</name>
         <value>0x20009e13</value>
         <object_component_ref idref="oc-473"/>
      </symbol>
      <symbol id="sm-a1b">
         <name>ltoa</name>
         <value>0x20008fed</value>
         <object_component_ref idref="oc-493"/>
      </symbol>
      <symbol id="sm-a2b">
         <name>memccpy</name>
         <value>0x20009715</value>
         <object_component_ref idref="oc-432"/>
      </symbol>
      <symbol id="sm-a3b">
         <name>strchr</name>
         <value>0x2000983b</value>
         <object_component_ref idref="oc-4ca"/>
      </symbol>
      <symbol id="sm-a51">
         <name>__aeabi_errno_addr</name>
         <value>0x200098f9</value>
         <object_component_ref idref="oc-43e"/>
      </symbol>
      <symbol id="sm-a52">
         <name>errno</name>
         <value>0x20017af0</value>
         <object_component_ref idref="oc-4da"/>
      </symbol>
      <symbol id="sm-a6b">
         <name>wcslen</name>
         <value>0x200098b3</value>
         <object_component_ref idref="oc-438"/>
      </symbol>
      <symbol id="sm-a8b">
         <name>frexpl</name>
         <value>0x20008e8d</value>
         <object_component_ref idref="oc-4be"/>
      </symbol>
      <symbol id="sm-a8c">
         <name>frexp</name>
         <value>0x20008e8d</value>
         <object_component_ref idref="oc-4be"/>
      </symbol>
      <symbol id="sm-aaa">
         <name>scalbn</name>
         <value>0x20008219</value>
         <object_component_ref idref="oc-4c4"/>
      </symbol>
      <symbol id="sm-aab">
         <name>scalbnl</name>
         <value>0x20008219</value>
         <object_component_ref idref="oc-4c4"/>
      </symbol>
      <symbol id="sm-aac">
         <name>ldexpl</name>
         <value>0x20008219</value>
         <object_component_ref idref="oc-4c4"/>
      </symbol>
      <symbol id="sm-aad">
         <name>ldexp</name>
         <value>0x20008219</value>
         <object_component_ref idref="oc-4c4"/>
      </symbol>
      <symbol id="sm-ab7">
         <name>copysign</name>
         <value>0x200098e1</value>
         <object_component_ref idref="oc-50b"/>
      </symbol>
      <symbol id="sm-ab8">
         <name>copysignl</name>
         <value>0x200098e1</value>
         <object_component_ref idref="oc-50b"/>
      </symbol>
      <symbol id="sm-ab9">
         <name>__TI_static_base__</name>
         <value>0x2000a1c0</value>
      </symbol>
      <symbol id="sm-abc">
         <name>__mpu_init</name>
         <value>0x0</value>
      </symbol>
      <symbol id="sm-abd">
         <name>_system_post_cinit</name>
         <value>0x0</value>
      </symbol>
   </symbol_table>
   <title>Link successful</title>
</link_info>
